// Jest Snapshot v1, https://goo.gl/fbAQLP

exports[`Should match snapshot 1`] = `
<DocumentFragment>
  <div
    class="App"
  >
    <div
      class="calc-container"
    >
      <div
        class="calc-content"
      >
        <table>
          <thead
            height="100px"
            id="dispay-h"
          >
            <tr>
              <td
                colspan="4"
              >
                <div
                  class="res"
                  data-testid="display_res"
                >
                  0
                </div>
              </td>
            </tr>
          </thead>
          <tbody>
            <tr>
              <td
                colspan=""
              >
                <button
                  class="contrl"
                  data-testid="button_AC"
                  datavalue="AC"
                  type="button"
                >
                  AC
                </button>
              </td>
              <td
                colspan=""
              >
                <button
                  class="contrl"
                  data-testid="button_+/-"
                  datavalue="+/-"
                  type="button"
                >
                  +/-
                </button>
              </td>
              <td
                colspan=""
              >
                <button
                  class="contrl"
                  data-testid="button_%"
                  datavalue="%"
                  type="button"
                >
                  %
                </button>
              </td>
              <td
                colspan=""
              >
                <button
                  class="ops"
                  data-testid="button_รท"
                  datavalue="รท"
                  type="button"
                >
                  รท
                </button>
              </td>
            </tr>
            <tr>
              <td
                colspan=""
              >
                <button
                  class="nums"
                  data-testid="button_7"
                  datavalue="7"
                  type="button"
                >
                  7
                </button>
              </td>
              <td
                colspan=""
              >
                <button
                  class="nums"
                  data-testid="button_8"
                  datavalue="8"
                  type="button"
                >
                  8
                </button>
              </td>
              <td
                colspan=""
              >
                <button
                  class="nums"
                  data-testid="button_9"
                  datavalue="9"
                  type="button"
                >
                  9
                </button>
              </td>
              <td
                colspan=""
              >
                <button
                  class="ops"
                  data-testid="button_X"
                  datavalue="X"
                  type="button"
                >
                  X
                </button>
              </td>
            </tr>
            <tr>
              <td
                colspan=""
              >
                <button
                  class="nums"
                  data-testid="button_4"
                  datavalue="4"
                  type="button"
                >
                  4
                </button>
              </td>
              <td
                colspan=""
              >
                <button
                  class="nums"
                  data-testid="button_5"
                  datavalue="5"
                  type="button"
                >
                  5
                </button>
              </td>
              <td
                colspan=""
              >
                <button
                  class="nums"
                  data-testid="button_6"
                  datavalue="6"
                  type="button"
                >
                  6
                </button>
              </td>
              <td
                colspan=""
              >
                <button
                  class="ops"
                  data-testid="button_-"
                  datavalue="-"
                  type="button"
                >
                  -
                </button>
              </td>
            </tr>
            <tr>
              <td
                colspan=""
              >
                <button
                  class="nums"
                  data-testid="button_1"
                  datavalue="1"
                  type="button"
                >
                  1
                </button>
              </td>
              <td
                colspan=""
              >
                <button
                  class="nums"
                  data-testid="button_2"
                  datavalue="2"
                  type="button"
                >
                  2
                </button>
              </td>
              <td
                colspan=""
              >
                <button
                  class="nums"
                  data-testid="button_3"
                  datavalue="3"
                  type="button"
                >
                  3
                </button>
              </td>
              <td
                colspan=""
              >
                <button
                  class="ops"
                  data-testid="button_+"
                  datavalue="+"
                  type="button"
                >
                  +
                </button>
              </td>
            </tr>
            <tr>
              <td
                colspan="2"
              >
                <button
                  class="nums"
                  data-testid="button_0"
                  datavalue="0"
                  type="button"
                >
                  0
                </button>
              </td>
              <td
                colspan=""
              >
                <button
                  class="nums"
                  data-testid="button_."
                  datavalue="."
                  type="button"
                >
                  .
                </button>
              </td>
              <td
                colspan=""
              >
                <button
                  class="ops"
                  data-testid="button_="
                  datavalue="="
                  type="button"
                >
                  =
                </button>
              </td>
            </tr>
          </tbody>
        </table>
      </div>
    </div>
  </div>
</DocumentFragment>
`;
